// Jest Snapshot v1, https://goo.gl/fbAQLP

exports[`EditableMultiSelectField renders properly 1`] = `
<td
  key="testName"
  onClick={[Function]}
/>
`;
