// Jest Snapshot v1, https://goo.gl/fbAQLP

exports[`EditableTextField renders properly 1`] = `
<td
  key="testValue"
  onClick={[Function]}
/>
`;
