// Jest Snapshot v1, https://goo.gl/fbAQLP

exports[`SelectField renders properly 1`] = `
<Select
  arrowRenderer={[Function]}
  autosize={true}
  backspaceRemoves={false}
  backspaceToRemoveMessage="Press backspace to remove {label}"
  clearAllText="Clear all"
  clearRenderer={[Function]}
  clearValueText="Clear value"
  clearable={true}
  closeOnSelect={true}
  deleteRemoves={true}
  delimiter=","
  disabled={false}
  escapeClearsValue={true}
  filterOptions={[Function]}
  ignoreAccents={true}
  ignoreCase={true}
  inputProps={Object {}}
  isLoading={false}
  joinValues={false}
  labelKey="label"
  matchPos="any"
  matchProp="any"
  menuBuffer={0}
  menuRenderer={[Function]}
  multi={true}
  name="testName"
  noResultsText="No results found"
  onBlurResetsInput={true}
  onChange={[Function]}
  onCloseResetsInput={true}
  onSelectResetsInput={true}
  openOnClick={true}
  optionComponent={[Function]}
  options={Array []}
  pageSize={5}
  placeholder="Select..."
  removeSelected={true}
  required={false}
  rtl={false}
  scrollMenuIntoView={true}
  searchable={true}
  simpleValue={false}
  style={
    Object {
      "height": "100%",
    }
  }
  tabSelectsValue={true}
  trimFilter={true}
  value={null}
  valueComponent={[Function]}
  valueKey="value"
/>
`;
